// Jest Snapshot v1, https://goo.gl/fbAQLP

exports[`render BottomSheetModal 1`] = `null`;
