// Jest Snapshot v1, https://goo.gl/fbAQLP

exports[`render Button 1`] = `
<View
  accessibilityState={
    {
      "busy": undefined,
      "checked": undefined,
      "disabled": undefined,
      "expanded": undefined,
      "selected": undefined,
    }
  }
  accessibilityValue={
    {
      "max": undefined,
      "min": undefined,
      "now": undefined,
      "text": undefined,
    }
  }
  accessible={true}
  collapsable={false}
  focusable={true}
  label="Test button"
  onBlur={[Function]}
  onClick={[Function]}
  onFocus={[Function]}
  onResponderGrant={[Function]}
  onResponderMove={[Function]}
  onResponderRelease={[Function]}
  onResponderTerminate={[Function]}
  onResponderTerminationRequest={[Function]}
  onStartShouldSetResponder={[Function]}
  style={
    [
      {
        "backgroundColor": "#eaecf3",
        "padding": 18,
      },
      {
        "backgroundColor": "#eaecf3",
      },
      {
        "opacity": 1,
      },
      {},
    ]
  }
>
  <Text
    style={
      [
        {
          "fontWeight": "600",
          "textAlign": "center",
        },
        {},
      ]
    }
  >
    Test button
  </Text>
</View>
`;
